============================= test session starts =============================
platform win32 -- Python 3.12.7, pytest-9.0.2, pluggy-1.6.0 -- C:\Users\djabi\gestion-financiere\v4\.venv\Scripts\python.exe
cachedir: .pytest_cache
rootdir: C:\Users\djabi\gestion-financiere\v4
configfile: pytest.ini
plugins: anyio-4.12.1
collecting ... collected 1 item

tests/test_services/test_attachment_service.py::test_add_and_delete_physical_file FAILED [100%]

================================== FAILURES ===================================
______________________ test_add_and_delete_physical_file ______________________
tests\test_services\test_attachment_service.py:50: in test_add_and_delete_physical_file
    assert success is True, "L'ajout de l'attachment a ÚchouÚ"
E   AssertionError: L'ajout de l'attachment a ÚchouÚ
E   assert False is True
------------------------------ Captured log call ------------------------------
ERROR    domains.transactions.database.repository_attachment:repository_attachment.py:58 Erreur add_attachment: FOREIGN KEY constraint failed
ERROR    domains.transactions.services.attachment_service:attachment_service.py:57 Echec DB, fichier sauvegardÚ mais orphelin
=========================== short test summary info ===========================
FAILED tests/test_services/test_attachment_service.py::test_add_and_delete_physical_file
============================== 1 failed in 0.27s ==============================
